Game 1       Score: 3
Game 2       Score: 3
Game 3       Score: 1
Game 4       Score: 3
Game 5       Score: 5
Game 6       Score: 8
Game 7       Score: 4
Game 8       Score: 4
Game 9       Score: 5
Game 10       Score: 1
Game 11       Score: 3
Game 12       Score: 4
Game 13       Score: 6
Game 14       Score: 4
Game 15       Score: 4
Game 16       Score: 1
Game 17       Score: 7
Game 18       Score: 1
Game 19       Score: 3
Game 20       Score: 5
Game 21       Score: 11
Game 22       Score: 3
Game 23       Score: 7
Game 24       Score: 3
Game 25       Score: 3
Game 26       Score: 5
Game 27       Score: 4
Game 28       Score: 3
Game 29       Score: 1
Game 30       Score: 4
Game 31       Score: 8
Game 32       Score: 3
Game 33       Score: 4
Game 34       Score: 3
Game 35       Score: 6
Game 36       Score: 6
Game 37       Score: 3
Game 38       Score: 3
Game 39       Score: 9
Game 40       Score: 8
Game 41       Score: 3
Game 42       Score: 2
Game 43       Score: 6
Game 44       Score: 7
Game 45       Score: 3
Game 46       Score: 14
Game 47       Score: 3
Game 48       Score: 3
Game 49       Score: 7
Game 50       Score: 2
Game 51       Score: 4
Game 52       Score: 2
Game 53       Score: 7
Game 54       Score: 5
Game 55       Score: 3
Game 56       Score: 11
Game 57       Score: 9
Game 58       Score: 6
Game 59       Score: 4
Game 60       Score: 11
Game 61       Score: 9
Game 62       Score: 16
Game 63       Score: 19
Game 64       Score: 8
Game 65       Score: 7
Game 66       Score: 7
Game 67       Score: 18
Game 68       Score: 11
Game 69       Score: 9

